------------------------------------------------------------
Timing Analyzer Summary
------------------------------------------------------------

Type  : Slow 1200mV 85C Model Setup 'Ry'
Slack : -4.366
TNS   : -128.028

Type  : Slow 1200mV 85C Model Setup 'clk_divider:inst6|keyclk'
Slack : -1.195
TNS   : -5.318

Type  : Slow 1200mV 85C Model Hold 'Ry'
Slack : 0.485
TNS   : 0.000

Type  : Slow 1200mV 85C Model Hold 'clk_divider:inst6|keyclk'
Slack : 0.517
TNS   : 0.000

Type  : Slow 1200mV 85C Model Minimum Pulse Width 'Ry'
Slack : -3.201
TNS   : -91.289

Type  : Slow 1200mV 85C Model Minimum Pulse Width 'clk_divider:inst6|keyclk'
Slack : -1.487
TNS   : -7.435

Type  : Slow 1200mV 0C Model Setup 'Ry'
Slack : -4.049
TNS   : -111.637

Type  : Slow 1200mV 0C Model Setup 'clk_divider:inst6|keyclk'
Slack : -0.968
TNS   : -4.318

Type  : Slow 1200mV 0C Model Hold 'Ry'
Slack : 0.432
TNS   : 0.000

Type  : Slow 1200mV 0C Model Hold 'clk_divider:inst6|keyclk'
Slack : 0.476
TNS   : 0.000

Type  : Slow 1200mV 0C Model Minimum Pulse Width 'Ry'
Slack : -3.201
TNS   : -91.289

Type  : Slow 1200mV 0C Model Minimum Pulse Width 'clk_divider:inst6|keyclk'
Slack : -1.487
TNS   : -7.435

Type  : Fast 1200mV 0C Model Setup 'Ry'
Slack : -1.429
TNS   : -29.675

Type  : Fast 1200mV 0C Model Setup 'clk_divider:inst6|keyclk'
Slack : 0.047
TNS   : 0.000

Type  : Fast 1200mV 0C Model Hold 'Ry'
Slack : 0.199
TNS   : 0.000

Type  : Fast 1200mV 0C Model Hold 'clk_divider:inst6|keyclk'
Slack : 0.209
TNS   : 0.000

Type  : Fast 1200mV 0C Model Minimum Pulse Width 'Ry'
Slack : -3.000
TNS   : -63.362

Type  : Fast 1200mV 0C Model Minimum Pulse Width 'clk_divider:inst6|keyclk'
Slack : -1.000
TNS   : -5.000

------------------------------------------------------------
