Flow report for DFG
Wed Mar 18 21:20:44 2026
Quartus Prime Version 18.1.0 Build 625 09/12/2018 SJ Lite Edition


---------------------
; Table of Contents ;
---------------------
  1. Legal Notice
  2. Flow Summary
  3. Flow Settings
  4. Flow Non-Default Global Settings
  5. Flow Elapsed Time
  6. Flow OS Summary
  7. Flow Log
  8. Flow Messages
  9. Flow Suppressed Messages



----------------
; Legal Notice ;
----------------
Copyright (C) 2018  Intel Corporation. All rights reserved.
Your use of Intel Corporation's design tools, logic functions 
and other software and tools, and its AMPP partner logic 
functions, and any output files from any of the foregoing 
(including device programming or simulation files), and any 
associated documentation or information are expressly subject 
to the terms and conditions of the Intel Program License 
Subscription Agreement, the Intel Quartus Prime License Agreement,
the Intel FPGA IP License Agreement, or other applicable license
agreement, including, without limitation, that your use is for
the sole purpose of programming logic devices manufactured by
Intel and sold by Intel or its authorized distributors.  Please
refer to the applicable agreement for further details.



+----------------------------------------------------------------------------------+
; Flow Summary                                                                     ;
+------------------------------------+---------------------------------------------+
; Flow Status                        ; Successful - Wed Mar 18 21:20:44 2026       ;
; Quartus Prime Version              ; 18.1.0 Build 625 09/12/2018 SJ Lite Edition ;
; Revision Name                      ; DFG                                         ;
; Top-level Entity Name              ; final                                       ;
; Family                             ; Cyclone IV E                                ;
; Device                             ; EP4CE6E22C8                                 ;
; Timing Models                      ; Final                                       ;
; Total logic elements               ; 92 / 6,272 ( 1 % )                          ;
;     Total combinational functions  ; 90 / 6,272 ( 1 % )                          ;
;     Dedicated logic registers      ; 45 / 6,272 ( < 1 % )                        ;
; Total registers                    ; 45                                          ;
; Total pins                         ; 38 / 92 ( 41 % )                            ;
; Total virtual pins                 ; 0                                           ;
; Total memory bits                  ; 8,192 / 276,480 ( 3 % )                     ;
; Embedded Multiplier 9-bit elements ; 0 / 30 ( 0 % )                              ;
; Total PLLs                         ; 0 / 2 ( 0 % )                               ;
+------------------------------------+---------------------------------------------+


+-----------------------------------------+
; Flow Settings                           ;
+-------------------+---------------------+
; Option            ; Setting             ;
+-------------------+---------------------+
; Start date & time ; 03/18/2026 21:20:16 ;
; Main task         ; Compilation         ;
; Revision Name     ; DFG                 ;
+-------------------+---------------------+


+-----------------------------------------------------------------------------------------------------------------------------------+
; Flow Non-Default Global Settings                                                                                                  ;
+--------------------------------------+----------------------------------------+---------------+-------------+---------------------+
; Assignment Name                      ; Value                                  ; Default Value ; Entity Name ; Section Id          ;
+--------------------------------------+----------------------------------------+---------------+-------------+---------------------+
; COMPILER_SIGNATURE_ID                ; 1096025307476.177384001533288          ; --            ; --          ; --                  ;
; EDA_DESIGN_INSTANCE_NAME             ; NA                                     ; --            ; --          ; tb_dds_phase_acc    ;
; EDA_DESIGN_INSTANCE_NAME             ; NA                                     ; --            ; --          ; tb_top              ;
; EDA_DESIGN_INSTANCE_NAME             ; NA                                     ; --            ; --          ; tb_freq_decoder     ;
; EDA_DESIGN_INSTANCE_NAME             ; NA                                     ; --            ; --          ; tb_rc_oscillator    ;
; EDA_DESIGN_INSTANCE_NAME             ; NA                                     ; --            ; --          ; tb_sine             ;
; EDA_DESIGN_INSTANCE_NAME             ; NA                                     ; --            ; --          ; tb_decade_counter   ;
; EDA_DESIGN_INSTANCE_NAME             ; NA                                     ; --            ; --          ; tb_top2             ;
; EDA_DESIGN_INSTANCE_NAME             ; NA                                     ; --            ; --          ; tb_clk_divider      ;
; EDA_DESIGN_INSTANCE_NAME             ; NA                                     ; --            ; --          ; tb_debounce_counter ;
; EDA_DESIGN_INSTANCE_NAME             ; NA                                     ; --            ; --          ; tb_dds_system       ;
; EDA_NATIVELINK_SIMULATION_TEST_BENCH ; tb_top2                                ; --            ; --          ; eda_simulation      ;
; EDA_OUTPUT_DATA_FORMAT               ; Verilog Hdl                            ; --            ; --          ; eda_simulation      ;
; EDA_SIMULATION_TOOL                  ; ModelSim-Altera (Verilog)              ; <None>        ; --          ; --                  ;
; EDA_TEST_BENCH_ENABLE_STATUS         ; TEST_BENCH_MODE                        ; --            ; --          ; eda_simulation      ;
; EDA_TEST_BENCH_FILE                  ; tb_dds_phase_acc.v                     ; --            ; --          ; tb_dds_phase_acc    ;
; EDA_TEST_BENCH_FILE                  ; tb_top.v                               ; --            ; --          ; tb_top              ;
; EDA_TEST_BENCH_FILE                  ; tb_freq_decoder.v                      ; --            ; --          ; tb_freq_decoder     ;
; EDA_TEST_BENCH_FILE                  ; tb_rc_oscillator.v                     ; --            ; --          ; tb_rc_oscillator    ;
; EDA_TEST_BENCH_FILE                  ; tb_sine.v                              ; --            ; --          ; tb_sine             ;
; EDA_TEST_BENCH_FILE                  ; tb_decade_counter.v                    ; --            ; --          ; tb_decade_counter   ;
; EDA_TEST_BENCH_FILE                  ; tb_top2.v                              ; --            ; --          ; tb_top2             ;
; EDA_TEST_BENCH_FILE                  ; tb_clk_divider.v                       ; --            ; --          ; tb_clk_divider      ;
; EDA_TEST_BENCH_FILE                  ; tb_debounce_counter.v                  ; --            ; --          ; tb_debounce_counter ;
; EDA_TEST_BENCH_FILE                  ; tb_dds_system.v                        ; --            ; --          ; tb_dds_system       ;
; EDA_TEST_BENCH_MODULE_NAME           ; tb_dds_phase_acc                       ; --            ; --          ; tb_dds_phase_acc    ;
; EDA_TEST_BENCH_MODULE_NAME           ; tb_top                                 ; --            ; --          ; tb_top              ;
; EDA_TEST_BENCH_MODULE_NAME           ; tb_freq_decoder                        ; --            ; --          ; tb_freq_decoder     ;
; EDA_TEST_BENCH_MODULE_NAME           ; tb_rc_oscillator                       ; --            ; --          ; tb_rc_oscillator    ;
; EDA_TEST_BENCH_MODULE_NAME           ; tb_sine                                ; --            ; --          ; tb_sine             ;
; EDA_TEST_BENCH_MODULE_NAME           ; tb_decade_counter                      ; --            ; --          ; tb_decade_counter   ;
; EDA_TEST_BENCH_MODULE_NAME           ; tb_top2                                ; --            ; --          ; tb_top2             ;
; EDA_TEST_BENCH_MODULE_NAME           ; tb_clk_divider                         ; --            ; --          ; tb_clk_divider      ;
; EDA_TEST_BENCH_MODULE_NAME           ; tb_debounce_counter                    ; --            ; --          ; tb_debounce_counter ;
; EDA_TEST_BENCH_MODULE_NAME           ; tb_dds_system                          ; --            ; --          ; tb_dds_system       ;
; EDA_TEST_BENCH_NAME                  ; tb_rc_oscillator                       ; --            ; --          ; eda_simulation      ;
; EDA_TEST_BENCH_NAME                  ; tb_sine                                ; --            ; --          ; eda_simulation      ;
; EDA_TEST_BENCH_NAME                  ; tb_dds_phase_acc                       ; --            ; --          ; eda_simulation      ;
; EDA_TEST_BENCH_NAME                  ; tb_dds_system                          ; --            ; --          ; eda_simulation      ;
; EDA_TEST_BENCH_NAME                  ; tb_freq_decoder                        ; --            ; --          ; eda_simulation      ;
; EDA_TEST_BENCH_NAME                  ; tb_debounce_counter                    ; --            ; --          ; eda_simulation      ;
; EDA_TEST_BENCH_NAME                  ; tb_decade_counter                      ; --            ; --          ; eda_simulation      ;
; EDA_TEST_BENCH_NAME                  ; tb_clk_divider                         ; --            ; --          ; eda_simulation      ;
; EDA_TEST_BENCH_NAME                  ; tb_top                                 ; --            ; --          ; eda_simulation      ;
; EDA_TEST_BENCH_NAME                  ; tb_top2                                ; --            ; --          ; eda_simulation      ;
; EDA_TIME_SCALE                       ; 1 ps                                   ; --            ; --          ; eda_simulation      ;
; MAX_CORE_JUNCTION_TEMP               ; 85                                     ; --            ; --          ; --                  ;
; MIN_CORE_JUNCTION_TEMP               ; 0                                      ; --            ; --          ; --                  ;
; MISC_FILE                            ; sine_rom.bsf                           ; --            ; --          ; --                  ;
; MISC_FILE                            ; sine_rom_inst.v                        ; --            ; --          ; --                  ;
; MISC_FILE                            ; sine_rom_bb.v                          ; --            ; --          ; --                  ;
; MISC_FILE                            ; multiData.bsf                          ; --            ; --          ; --                  ;
; MISC_FILE                            ; multiData_inst.v                       ; --            ; --          ; --                  ;
; MISC_FILE                            ; multiData.cmp                          ; --            ; --          ; --                  ;
; NOMINAL_CORE_SUPPLY_VOLTAGE          ; 1.2V                                   ; --            ; --          ; --                  ;
; PARTITION_COLOR                      ; -- (Not supported for targeted family) ; --            ; final       ; Top                 ;
; PARTITION_FITTER_PRESERVATION_LEVEL  ; -- (Not supported for targeted family) ; --            ; final       ; Top                 ;
; PARTITION_NETLIST_TYPE               ; -- (Not supported for targeted family) ; --            ; final       ; Top                 ;
; POWER_BOARD_THERMAL_MODEL            ; None (CONSERVATIVE)                    ; --            ; --          ; --                  ;
; POWER_PRESET_COOLING_SOLUTION        ; 23 MM HEAT SINK WITH 200 LFPM AIRFLOW  ; --            ; --          ; --                  ;
; PROJECT_OUTPUT_DIRECTORY             ; output_files                           ; --            ; --          ; --                  ;
; TOP_LEVEL_ENTITY                     ; final                                  ; DFG           ; --          ; --                  ;
+--------------------------------------+----------------------------------------+---------------+-------------+---------------------+


+--------------------------------------------------------------------------------------------------------------------------+
; Flow Elapsed Time                                                                                                        ;
+----------------------+--------------+-------------------------+---------------------+------------------------------------+
; Module Name          ; Elapsed Time ; Average Processors Used ; Peak Virtual Memory ; Total CPU Time (on all processors) ;
+----------------------+--------------+-------------------------+---------------------+------------------------------------+
; Analysis & Synthesis ; 00:00:13     ; 1.0                     ; 4855 MB             ; 00:00:29                           ;
; Fitter               ; 00:00:06     ; 1.1                     ; 6489 MB             ; 00:00:11                           ;
; Assembler            ; 00:00:01     ; 1.0                     ; 4685 MB             ; 00:00:01                           ;
; Timing Analyzer      ; 00:00:03     ; 1.3                     ; 4909 MB             ; 00:00:03                           ;
; EDA Netlist Writer   ; 00:00:01     ; 1.0                     ; 4652 MB             ; 00:00:01                           ;
; Total                ; 00:00:24     ; --                      ; --                  ; 00:00:45                           ;
+----------------------+--------------+-------------------------+---------------------+------------------------------------+


+------------------------------------------------------------------------------------+
; Flow OS Summary                                                                    ;
+----------------------+------------------+------------+------------+----------------+
; Module Name          ; Machine Hostname ; OS Name    ; OS Version ; Processor type ;
+----------------------+------------------+------------+------------+----------------+
; Analysis & Synthesis ; LAPTOP-QBARGM8L  ; Windows 10 ; 10.0       ; x86_64         ;
; Fitter               ; LAPTOP-QBARGM8L  ; Windows 10 ; 10.0       ; x86_64         ;
; Assembler            ; LAPTOP-QBARGM8L  ; Windows 10 ; 10.0       ; x86_64         ;
; Timing Analyzer      ; LAPTOP-QBARGM8L  ; Windows 10 ; 10.0       ; x86_64         ;
; EDA Netlist Writer   ; LAPTOP-QBARGM8L  ; Windows 10 ; 10.0       ; x86_64         ;
+----------------------+------------------+------------+------------+----------------+


------------
; Flow Log ;
------------
quartus_map --read_settings_files=on --write_settings_files=off DFG -c DFG
quartus_fit --read_settings_files=off --write_settings_files=off DFG -c DFG
quartus_asm --read_settings_files=off --write_settings_files=off DFG -c DFG
quartus_sta DFG -c DFG
quartus_eda --read_settings_files=off --write_settings_files=off DFG -c DFG



